BASE CONFORMANCE — DEVIATIONS (489 deviation(s))

  release-eks-fis10-giftcard-2.1.0: 6 deviation(s)
      new-field       CancellationTerm.cancel_eligible
      new-field       CancellationTerm.return_terms
      new-field       Descriptor.symbol
      new-enum-value  Form.mime_type  ['TEXT/HTML-MULTI']
      new-field       Form.multiple_sumbissions
      new-enum-value  Order.status  ['IN-PROGRESS', 'ON-HOLD']
  release-eks-fis12-2.0.3: 0 deviation(s)
  release-eks-fis12-2.3.0: 5 deviation(s)
      new-enum-value  Form.mime_type  ['NONE', 'TEXT/HTML-MULTI']
      new-field       Form.multiple_sumbissions
      new-enum-value  Payment.type  ['REFUND']
      new-field       Time.transaction_id
      new-schema      Tag1
  release-eks-fis12-pf-2.2.1: 0 deviation(s)
  release-eks-fis13-health-2.0.0: 4 deviation(s)
      new-enum-value  Form.mime_type  ['NONE', 'TEXT/HTML-MULTI']
      new-field       Form.multiple_sumbissions
      new-enum-value  Payment.type  ['REFUND']
      new-schema      Tag1
  release-eks-fis13-health-2.0.1: 3 deviation(s)
      new-enum-value  Form.mime_type  ['NONE', 'TEXT/HTML-MULTI']
      new-field       Form.multiple_sumbissions
      new-enum-value  Payment.type  ['REFUND']
  release-eks-fis13-sachet: 0 deviation(s)
  release-eks-fis14-2.1.0: 3 deviation(s)
      new-enum-value  Form.mime_type  ['TEXT/HTML-MULTI']
      new-field       Form.multiple_sumbissions
      new-enum-value  Payment.type  ['REFUND']
  release-eks-log11-1.2.5: 0 deviation(s)
  release-eks-ret10-1.2.0: 0 deviation(s)
  release-eks-ret10-1.2.5: 91 deviation(s)
      new-field       Address.name
      new-field       Address.building
      new-field       Address.street
      new-field       Address.locality
      new-field       Address.city
      new-field       Address.state
  release-eks-ret11-1.2.0: 0 deviation(s)
  release-eks-ret11-1.2.5: 0 deviation(s)
  release-eks-ret12-1.2.0: 0 deviation(s)
  release-eks-ret12-1.2.5: 0 deviation(s)
  release-eks-ret13-1.2.0: 0 deviation(s)
  release-eks-ret13-1.2.5: 0 deviation(s)
  release-eks-ret14-1.2.0: 0 deviation(s)
  release-eks-ret14-1.2.5: 0 deviation(s)
  release-eks-ret15-1.2.0: 0 deviation(s)
  release-eks-ret15-1.2.5: 0 deviation(s)
  release-eks-ret16-1.2.0: 89 deviation(s)
      new-field       Address.name
      new-field       Address.building
      new-field       Address.street
      new-field       Address.locality
      new-field       Address.city
      new-field       Address.state
  release-eks-ret16-1.2.5: 0 deviation(s)
  release-eks-ret18-1.2.0: 0 deviation(s)
  release-eks-ret18-1.2.5: 0 deviation(s)
  release-eks-retinvl-1.2.5: 78 deviation(s)
      new-field       Address.name
      new-field       Address.building
      new-field       Address.street
      new-field       Address.locality
      new-field       Address.city
      new-field       Address.state
  release-eks-reteb2b: 96 deviation(s)
      new-schema      P2PAddress
      new-field       Address.name
      new-field       Address.building
      new-field       Address.street
      new-field       Address.locality
      new-field       Address.city
  release-eks-trv10-2.0.1: 0 deviation(s)
  release-eks-trv10-2.1.0: 0 deviation(s)
  release-eks-trv11-2.0.0: 4 deviation(s)
      new-field       Error.type
      new-field       Error.tags
      new-field       Form.multiple_sumbissions
      new-schema      Tag1
  release-eks-trv11-2.0.1: 0 deviation(s)
  release-eks-trv11-2.1.0: 1 deviation(s)
      new-schema      Tag1
  release-eks-trv12-2.0.0: 2 deviation(s)
      new-field       Form.multiple_sumbissions
      new-schema      Tag1
  release-eks-trv13-2.0.1: 0 deviation(s)
  release-eks-trv14-2.0.0: 1 deviation(s)
      new-schema      Tag1
  release-eks-logistics-1.2.0: 106 deviation(s)
      new-field       Address.door
      new-field       Address.name
      new-field       Address.building
      new-field       Address.street
      new-field       Address.locality
      new-field       Address.ward
  release-eks-logistics-1.2.5: 0 deviation(s)

⚠ RAISED: configs deviate from the human-owned beckn-base.
  → Update common-config/beckn-base.yaml MANUALLY to cover these, then re-run.
  → The skill will NOT modify the base; deviating elements are held out of seeding until reconciled.
