FIS10-GIFTCARD-2.1.0: entry=['search'] actions=15 edges=36 flows=6 steps=61 (protocol=61 ui=0) flags=2
   flags: [{'type': 'dangling-responseFor', 'flow': 'flows/gift-card/Buyer_App_Fulfilling_Code_On_Update.yaml', 'responseFor': 'null'}, {'type': 'dangling-responseFor', 'flow': 'flows/gift-card/Seller_Cancellation.yaml', 'responseFor': 'null'}]
FIS12-2.0.3: entry=['search'] actions=15 edges=46 flows=10 steps=164 (protocol=143 ui=21) flags=0
FIS12-2.3.0: entry=['search', 'init'] actions=19 edges=74 flows=10 steps=122 (protocol=114 ui=8) flags=2
   flags: [{'type': 'dangling-responseFor', 'flow': 'flows/BUSINESS_LOAN/business_term_loan_with_aa.yaml', 'responseFor': 'aa_consent'}, {'type': 'dangling-responseFor', 'flow': 'flows/BUSINESS_LOAN/business_term_loan_with_aa_with_igm_1.0.0.yaml', 'responseFor': 'aa_consent'}]
FIS12-PF-2.2.1: entry=['search'] actions=19 edges=65 flows=22 steps=717 (protocol=594 ui=123) flags=0
FIS13-HEALTH-2.0.0: entry=['search'] actions=19 edges=67 flows=34 steps=694 (protocol=544 ui=150) flags=0
FIS13-HEALTH-2.0.1: entry=['search'] actions=16 edges=49 flows=16 steps=460 (protocol=346 ui=114) flags=0
FIS13-sachet: entry=['search'] actions=16 edges=37 flows=12 steps=57 (protocol=57 ui=0) flags=0
FIS14-2.1.0: entry=['search', 'select'] actions=15 edges=45 flows=20 steps=217 (protocol=188 ui=29) flags=0
TRV10-2.0.1: entry=['search'] actions=19 edges=50 flows=11 steps=152 (protocol=152 ui=0) flags=0
TRV10-2.1.0: entry=['search'] actions=19 edges=58 flows=27 steps=461 (protocol=461 ui=0) flags=0
TRV11-2.0.0: entry=['search', 'select', 'init'] actions=17 edges=45 flows=17 steps=181 (protocol=181 ui=0) flags=1
   flags: [{'type': 'dangling-responseFor', 'flow': 'flows/Metro/SELLER_OFFLINE_CANCELLATION_WITHOUT_SEARCH_ND_SELECT.yaml', 'responseFor': 'cancel_hard_METRO_200'}]
TRV11-2.0.1: entry=['search', 'select', 'init'] actions=17 edges=55 flows=42 steps=552 (protocol=552 ui=0) flags=0
TRV11-2.1.0: entry=['search', 'select', 'init', 'confirm', 'update'] actions=17 edges=68 flows=27 steps=239 (protocol=239 ui=0) flags=2
   flags: [{'type': 'dangling-responseFor', 'flow': 'flows/Bus/Intracity_Seller_Based_Confirmation_flow.yaml', 'responseFor': 'update_1'}, {'type': 'dangling-responseFor', 'flow': 'flows/Metro/DELAYED_CANCELLATION_FLOW_REJECTED.yaml', 'responseFor': 'on_cancel_init_METRO_210'}]
TRV12-2.0.0: entry=['search', 'on_select', 'select'] actions=21 edges=69 flows=15 steps=232 (protocol=232 ui=0) flags=0
TRV13-2.0.1: entry=['search'] actions=19 edges=59 flows=7 steps=70 (protocol=70 ui=0) flags=0
TRV14-2.0.0: entry=['search', 'select'] actions=18 edges=51 flows=16 steps=233 (protocol=228 ui=5) flags=0
