
== errors field_order ==
  release-eks-fis10-giftcard-2.1.0 ['Event', 'Description', 'From', 'code']
  release-eks-fis12-2.0.3 ['Event', 'Description', 'From', 'code']
  release-eks-fis12-2.3.0 ['code', 'Event', 'Description', 'From']
  release-eks-fis12-pf-2.2.1 ['Event', 'Description', 'From', 'code']
  release-eks-fis13-health-2.0.0 ['Event', 'Description', 'From', 'code']
  release-eks-fis13-health-2.0.1 ['Event', 'Description', 'From', 'code']
  release-eks-fis13-sachet ['Event', 'Description', 'From', 'code']
  release-eks-fis14-2.1.0 ['Event', 'Description', 'From', 'code']
  release-eks-trv10-2.0.1 ['Event', 'Description', 'From', 'code']
  release-eks-trv10-2.1.0 ['Event', 'Description', 'From', 'code']
  release-eks-trv11-2.0.0 ['Event', 'Description', 'From', 'code']
  release-eks-trv11-2.0.1 ['Event', 'Description', 'From', 'code']
  release-eks-trv11-2.1.0 ['Event', 'Description', 'From', 'code']
  release-eks-trv12-2.0.0 []
  release-eks-trv13-2.0.1 ['Event', 'Description', 'From', 'code']
  release-eks-trv14-2.0.0 ['Event', 'Description', 'From', 'code']

== errors field_set ==
  release-eks-fis10-giftcard-2.1.0 ['Description', 'Event', 'From', 'code']
  release-eks-fis12-2.0.3 ['Description', 'Event', 'From', 'code']
  release-eks-fis12-2.3.0 ['Description', 'Event', 'From', 'code']
  release-eks-fis12-pf-2.2.1 ['Description', 'Event', 'From', 'code']
  release-eks-fis13-health-2.0.0 ['Description', 'Event', 'From', 'code']
  release-eks-fis13-health-2.0.1 ['Description', 'Event', 'From', 'code']
  release-eks-fis13-sachet ['Description', 'Event', 'From', 'code']
  release-eks-fis14-2.1.0 ['Description', 'Event', 'From', 'code']
  release-eks-trv10-2.0.1 ['Description', 'Event', 'From', 'code']
  release-eks-trv10-2.1.0 ['Description', 'Event', 'From', 'code']
  release-eks-trv11-2.0.0 ['Description', 'Event', 'From', 'code']
  release-eks-trv11-2.0.1 ['Description', 'Event', 'From', 'code']
  release-eks-trv11-2.1.0 ['Description', 'Event', 'From', 'code']
  release-eks-trv12-2.0.0 []
  release-eks-trv13-2.0.1 ['Description', 'Event', 'From', 'code']
  release-eks-trv14-2.0.0 ['Description', 'Event', 'From', 'code']

== actions entry ==
  release-eks-fis10-giftcard-2.1.0 ['search']
  release-eks-fis12-2.0.3 ['search']
  release-eks-fis12-2.3.0 ['search', 'init']
  release-eks-fis12-pf-2.2.1 ['search']
  release-eks-fis13-health-2.0.0 ['search']
  release-eks-fis13-health-2.0.1 ['search']
  release-eks-fis13-sachet ['search']
  release-eks-fis14-2.1.0 ['search', 'select']
  release-eks-trv10-2.0.1 ['search']
  release-eks-trv10-2.1.0 ['search']
  release-eks-trv11-2.0.0 ['search', 'select', 'init']
  release-eks-trv11-2.0.1 ['search', 'select', 'init']
  release-eks-trv11-2.1.0 ['search', 'select', 'init', 'confirm', 'update']
  release-eks-trv12-2.0.0 ['search', 'on_select', 'select']
  release-eks-trv13-2.0.1 ['search']
  release-eks-trv14-2.0.0 ['search', 'select']

== actions count/edges ==
  release-eks-fis10-giftcard-2.1.0 15 actions / 36 edges
  release-eks-fis12-2.0.3 16 actions / 46 edges
  release-eks-fis12-2.3.0 20 actions / 74 edges
  release-eks-fis12-pf-2.2.1 20 actions / 65 edges
  release-eks-fis13-health-2.0.0 20 actions / 67 edges
  release-eks-fis13-health-2.0.1 17 actions / 49 edges
  release-eks-fis13-sachet 17 actions / 37 edges
  release-eks-fis14-2.1.0 16 actions / 45 edges
  release-eks-trv10-2.0.1 20 actions / 50 edges
  release-eks-trv10-2.1.0 20 actions / 58 edges
  release-eks-trv11-2.0.0 18 actions / 45 edges
  release-eks-trv11-2.0.1 18 actions / 55 edges
  release-eks-trv11-2.1.0 18 actions / 68 edges
  release-eks-trv12-2.0.0 22 actions / 69 edges
  release-eks-trv13-2.0.1 20 actions / 59 edges
  release-eks-trv14-2.0.0 19 actions / 51 edges

== validations root ==
  release-eks-fis10-giftcard-2.1.0 ['_SESSION_DATA_', '_TESTS_']
  release-eks-fis12-2.0.3 ['_SESSION_DATA_', '_TESTS_']
  release-eks-fis12-2.3.0 ['_SESSION_DATA_', '_TESTS_', 'enums', 'tags']
  release-eks-fis12-pf-2.2.1 ['_SESSION_DATA_', '_TESTS_']
  release-eks-fis13-health-2.0.0 ['_SESSION_DATA_', '_TESTS_']
  release-eks-fis13-health-2.0.1 ['_SESSION_DATA_', '_TESTS_']
  release-eks-fis13-sachet ['_SESSION_DATA_', '_TESTS_']
  release-eks-fis14-2.1.0 ['_SESSION_DATA_', '_TESTS_']
  release-eks-trv10-2.0.1 ['_SESSION_DATA_', '_TESTS_']
  release-eks-trv10-2.1.0 ['_SESSION_DATA_', '_TESTS_']
  release-eks-trv11-2.0.0 ['_SESSION_DATA_', '_TESTS_']
  release-eks-trv11-2.0.1 ['_SESSION_DATA_', '_TESTS_']
  release-eks-trv11-2.1.0 ['_SESSION_DATA_', '_TESTS_']
  release-eks-trv12-2.0.0 ['_SESSION_DATA_', '_TESTS_']
  release-eks-trv13-2.0.1 ['_SESSION_DATA_', '_TESTS_']
  release-eks-trv14-2.0.0 ['_SESSION_DATA_', '_TESTS_']

== validations strict ==
  release-eks-fis10-giftcard-2.1.0 strict=True anchors=8
  release-eks-fis12-2.0.3 strict=True anchors=23
  release-eks-fis12-2.3.0 strict=False anchors=192
  release-eks-fis12-pf-2.2.1 strict=True anchors=17
  release-eks-fis13-health-2.0.0 strict=True anchors=36
  release-eks-fis13-health-2.0.1 strict=True anchors=1
  release-eks-fis13-sachet strict=True anchors=32
  release-eks-fis14-2.1.0 strict=True anchors=15
  release-eks-trv10-2.0.1 strict=True anchors=84
  release-eks-trv10-2.1.0 strict=True anchors=83
  release-eks-trv11-2.0.0 strict=True anchors=0
  release-eks-trv11-2.0.1 strict=True anchors=1
  release-eks-trv11-2.1.0 strict=True anchors=102
  release-eks-trv12-2.0.0 strict=True anchors=57
  release-eks-trv13-2.0.1 strict=True anchors=3
  release-eks-trv14-2.0.0 strict=True anchors=15

== flow step_keys ==
  release-eks-fis10-giftcard-2.1.0 ['action_id', 'api', 'description', 'examples', 'mock', 'owner', 'responseFor', 'unsolicited']
  release-eks-fis12-2.0.3 ['action_id', 'api', 'description', 'examples', 'manual', 'mock', 'owner', 'responseFor', 'unsolicited']
  release-eks-fis12-2.3.0 ['action_id', 'api', 'description', 'examples', 'manual', 'mock', 'owner', 'responseFor', 'unsolicited']
  release-eks-fis12-pf-2.2.1 ['action_id', 'api', 'description', 'examples', 'mock', 'owner', 'responseFor', 'unsolicited']
  release-eks-fis13-health-2.0.0 ['action_id', 'api', 'description', 'examples', 'mock', 'owner', 'responseFor', 'unsolicited']
  release-eks-fis13-health-2.0.1 ['action_id', 'api', 'description', 'examples', 'mock', 'owner', 'responseFor', 'unsolicited']
  release-eks-fis13-sachet ['action_id', 'api', 'description', 'examples', 'mock', 'owner', 'responseFor', 'unsolicited']
  release-eks-fis14-2.1.0 ['action_id', 'api', 'description', 'examples', 'mock', 'owner', 'responseFor', 'unsolicited']
  release-eks-trv10-2.0.1 ['action_id', 'api', 'description', 'examples', 'mock', 'owner', 'responseFor', 'unsolicited']
  release-eks-trv10-2.1.0 ['action_id', 'api', 'description', 'examples', 'mock', 'owner', 'repeatCount', 'responseFor', 'unsolicited']
  release-eks-trv11-2.0.0 ['action_id', 'api', 'description', 'examples', 'mock', 'owner', 'responseFor', 'unsolicited']
  release-eks-trv11-2.0.1 ['action_id', 'api', 'description', 'examples', 'mock', 'owner', 'responseFor', 'unsolicited']
  release-eks-trv11-2.1.0 ['action_id', 'api', 'description', 'examples', 'mock', 'owner', 'responseFor', 'unsolicited']
  release-eks-trv12-2.0.0 ['action_id', 'api', 'description', 'mock', 'mock_config', 'owner', 'responseFor', 'unsolicited']
  release-eks-trv13-2.0.1 ['action_id', 'api', 'description', 'examples', 'mock', 'owner', 'responseFor', 'unsolicited']
  release-eks-trv14-2.0.0 ['action_id', 'api', 'description', 'examples', 'mock', 'owner', 'responseFor', 'unsolicited']

== flow mock_keys ==
  release-eks-fis10-giftcard-2.1.0 ['defaultPayload', 'generate', 'inputs', 'requirements', 'saveData', 'validate']
  release-eks-fis12-2.0.3 ['defaultPayload', 'formHtml', 'generate', 'inputs', 'requirements', 'saveData', 'validate']
  release-eks-fis12-2.3.0 ['defaultPayload', 'formHtml', 'generate', 'inputs', 'requirements', 'saveData', 'validate']
  release-eks-fis12-pf-2.2.1 ['defaultPayload', 'formHtml', 'generate', 'inputs', 'requirements', 'saveData', 'validate']
  release-eks-fis13-health-2.0.0 ['defaultPayload', 'formHtml', 'generate', 'inputs', 'requirements', 'saveData', 'validate']
  release-eks-fis13-health-2.0.1 ['defaultPayload', 'formHtml', 'generate', 'inputs', 'requirements', 'saveData', 'validate']
  release-eks-fis13-sachet ['defaultPayload', 'generate', 'inputs', 'requirements', 'saveData', 'validate']
  release-eks-fis14-2.1.0 ['defaultPayload', 'formHtml', 'generate', 'inputs', 'requirements', 'saveData', 'validate']
  release-eks-trv10-2.0.1 ['defaultPayload', 'generate', 'inputs', 'requirements', 'saveData', 'validate']
  release-eks-trv10-2.1.0 ['defaultPayload', 'generate', 'inputs', 'requirements', 'saveData', 'validate']
  release-eks-trv11-2.0.0 ['defaultPayload', 'generate', 'inputs', 'requirements', 'saveData', 'validate']
  release-eks-trv11-2.0.1 ['defaultPayload', 'generate', 'inputs', 'requirements', 'saveData', 'validate']
  release-eks-trv11-2.1.0 ['defaultPayload', 'generate', 'inputs', 'requirements', 'saveData', 'validate']
  release-eks-trv12-2.0.0 ['defaultPayload', 'generate', 'inputs', 'requirements', 'saveData', 'validate']
  release-eks-trv13-2.0.1 ['defaultPayload', 'generate', 'inputs', 'requirements', 'saveData', 'validate']
  release-eks-trv14-2.0.0 ['defaultPayload', 'generate', 'inputs', 'requirements', 'saveData', 'validate']

== flow context_keys ==
  release-eks-fis10-giftcard-2.1.0 ['action', 'bap_id', 'bap_uri', 'domain', 'location', 'message_id', 'timestamp', 'transaction_id', 'ttl', 'version']
  release-eks-fis12-2.0.3 ['action', 'bap_id', 'bap_uri', 'domain', 'location', 'message_id', 'timestamp', 'transaction_id', 'ttl', 'version']
  release-eks-fis12-2.3.0 ['action', 'bap_id', 'bap_uri', 'bpp_id', 'bpp_uri', 'domain', 'location', 'message_id', 'timestamp', 'transaction_id', 'ttl', 'version']
  release-eks-fis12-pf-2.2.1 ['action', 'bap_id', 'bap_uri', 'bpp_id', 'bpp_uri', 'domain', 'location', 'message_id', 'timestamp', 'transaction_id', 'ttl', 'version']
  release-eks-fis13-health-2.0.0 ['action', 'bap_id', 'bap_uri', 'domain', 'location', 'message_id', 'timestamp', 'transaction_id', 'ttl', 'version']
  release-eks-fis13-health-2.0.1 ['action', 'bap_id', 'bap_uri', 'domain', 'location', 'message_id', 'timestamp', 'transaction_id', 'ttl', 'version']
  release-eks-fis13-sachet ['action', 'bap_id', 'bap_uri', 'domain', 'location', 'message_id', 'timestamp', 'transaction_id', 'ttl', 'version']
  release-eks-fis14-2.1.0 ['action', 'bap_id', 'bap_uri', 'bpp_id', 'bpp_uri', 'domain', 'location', 'message_id', 'timestamp', 'transaction_id', 'ttl', 'version']
  release-eks-trv10-2.0.1 ['action', 'bap_id', 'bap_uri', 'domain', 'location', 'message_id', 'timestamp', 'transaction_id', 'ttl', 'version']
  release-eks-trv10-2.1.0 ['action', 'bap_id', 'bap_uri', 'domain', 'location', 'message_id', 'timestamp', 'transaction_id', 'ttl', 'version']
  release-eks-trv11-2.0.0 ['action', 'bap_id', 'bap_uri', 'domain', 'location', 'message_id', 'timestamp', 'transaction_id', 'ttl', 'version']
  release-eks-trv11-2.0.1 ['action', 'bap_id', 'bap_uri', 'domain', 'location', 'message_id', 'timestamp', 'transaction_id', 'ttl', 'version']
  release-eks-trv11-2.1.0 ['action', 'bap_id', 'bap_uri', 'domain', 'location', 'message_id', 'timestamp', 'transaction_id', 'ttl', 'version']
  release-eks-trv12-2.0.0 ['action', 'bap_id', 'bap_uri', 'domain', 'location', 'message_id', 'timestamp', 'transaction_id', 'ttl', 'version']
  release-eks-trv13-2.0.1 ['action', 'bap_id', 'bap_uri', 'domain', 'location', 'message_id', 'timestamp', 'transaction_id', 'ttl', 'version']
  release-eks-trv14-2.0.0 ['action', 'bap_id', 'bap_uri', 'domain', 'location', 'message_id', 'timestamp', 'transaction_id', 'ttl', 'version']

== flow forms ==
  release-eks-fis10-giftcard-2.1.0 html_form=False dynamic_form=False
  release-eks-fis12-2.0.3 html_form=True dynamic_form=True
  release-eks-fis12-2.3.0 html_form=False dynamic_form=True
  release-eks-fis12-pf-2.2.1 html_form=True dynamic_form=True
  release-eks-fis13-health-2.0.0 html_form=True dynamic_form=True
  release-eks-fis13-health-2.0.1 html_form=True dynamic_form=True
  release-eks-fis13-sachet html_form=False dynamic_form=False
  release-eks-fis14-2.1.0 html_form=True dynamic_form=True
  release-eks-trv10-2.0.1 html_form=False dynamic_form=False
  release-eks-trv10-2.1.0 html_form=False dynamic_form=False
  release-eks-trv11-2.0.0 html_form=False dynamic_form=False
  release-eks-trv11-2.0.1 html_form=False dynamic_form=False
  release-eks-trv11-2.1.0 html_form=False dynamic_form=False
  release-eks-trv12-2.0.0 html_form=False dynamic_form=False
  release-eks-trv13-2.0.1 html_form=False dynamic_form=False
  release-eks-trv14-2.0.0 html_form=False dynamic_form=False

== attr descriptor_keys ==
  release-eks-fis10-giftcard-2.1.0 ['enums', 'info', 'owner', 'required', 'type', 'usage']
  release-eks-fis12-2.0.3 ['enums', 'info', 'owner', 'required', 'type', 'usage']
  release-eks-fis12-2.3.0 ['enums', 'info', 'owner', 'required', 'type', 'usage']
  release-eks-fis12-pf-2.2.1 ['enums', 'info', 'owner', 'required', 'type', 'usage']
  release-eks-fis13-health-2.0.0 ['enums', 'info', 'owner', 'required', 'type', 'usage']
  release-eks-fis13-health-2.0.1 ['enums', 'info', 'owner', 'required', 'type', 'usage']
  release-eks-fis13-sachet ['info', 'owner', 'required', 'type', 'usage']
  release-eks-fis14-2.1.0 ['enums', 'info', 'owner', 'required', 'tags', 'type', 'usage']
  release-eks-trv10-2.0.1 ['enums', 'info', 'owner', 'required', 'type', 'usage']
  release-eks-trv10-2.1.0 ['enums', 'info', 'owner', 'required', 'type', 'usage']
  release-eks-trv11-2.0.0 ['enums', 'info', 'owner', 'required', 'type', 'usage']
  release-eks-trv11-2.0.1 ['enums', 'info', 'owner', 'required', 'type', 'usage']
  release-eks-trv11-2.1.0 ['enums', 'info', 'owner', 'required', 'type', 'usage']
  release-eks-trv12-2.0.0 ['enums', 'info', 'owner', 'required', 'type', 'usage']
  release-eks-trv13-2.0.1 ['enums', 'info', 'owner', 'required', 'type', 'usage']
  release-eks-trv14-2.0.0 ['info', 'owner', 'required', 'type', 'usage']

signatures.json written.
